// Jest Snapshot v1, https://goo.gl/fbAQLP

exports[`should render NumberGrid component 1`] = `
Object {
  "asFragment": [Function],
  "baseElement": <body>
    <div>
      <div
        class="row justify-content-center"
      >
        <div
          class="col-md-6 border border-3 border-primary rounded shadow"
        >
          <div
            class="row"
          >
            <div
              class="col border border-primary text-center fw-bold bg-white"
              role="button"
            >
              0
            </div>
            <div
              class="col border border-primary text-center fw-bold bg-white"
              role="button"
            >
              1
            </div>
            <div
              class="col border border-primary text-center fw-bold bg-white"
              role="button"
            >
              2
            </div>
            <div
              class="col border border-primary text-center fw-bold bg-white"
              role="button"
            >
              3
            </div>
            <div
              class="col border border-primary text-center fw-bold bg-white"
              role="button"
            >
              4
            </div>
            <div
              class="col border border-primary text-center fw-bold bg-white"
              role="button"
            >
              5
            </div>
            <div
              class="col border border-primary text-center fw-bold bg-white"
              role="button"
            >
              6
            </div>
            <div
              class="col border border-primary text-center fw-bold bg-white"
              role="button"
            >
              7
            </div>
            <div
              class="col border border-primary text-center fw-bold bg-white"
              role="button"
            >
              8
            </div>
            <div
              class="col border border-primary text-center fw-bold bg-white"
              role="button"
            >
              9
            </div>
          </div>
          <div
            class="row"
          >
            <div
              class="col border border-primary text-center fw-bold bg-white"
              role="button"
            >
              0
            </div>
            <div
              class="col border border-primary text-center fw-bold bg-white"
              role="button"
            >
              1
            </div>
            <div
              class="col border border-primary text-center fw-bold bg-white"
              role="button"
            >
              2
            </div>
            <div
              class="col border border-primary text-center fw-bold bg-white"
              role="button"
            >
              3
            </div>
            <div
              class="col border border-primary text-center fw-bold bg-white"
              role="button"
            >
              4
            </div>
            <div
              class="col border border-primary text-center fw-bold bg-white"
              role="button"
            >
              5
            </div>
            <div
              class="col border border-primary text-center fw-bold bg-white"
              role="button"
            >
              6
            </div>
            <div
              class="col border border-primary text-center fw-bold bg-white"
              role="button"
            >
              7
            </div>
            <div
              class="col border border-primary text-center fw-bold bg-white"
              role="button"
            >
              8
            </div>
            <div
              class="col border border-primary text-center fw-bold bg-white"
              role="button"
            >
              9
            </div>
          </div>
          <div
            class="row"
          >
            <div
              class="col border border-primary text-center fw-bold bg-white"
              role="button"
            >
              0
            </div>
            <div
              class="col border border-primary text-center fw-bold bg-white"
              role="button"
            >
              1
            </div>
            <div
              class="col border border-primary text-center fw-bold bg-white"
              role="button"
            >
              2
            </div>
            <div
              class="col border border-primary text-center fw-bold bg-white"
              role="button"
            >
              3
            </div>
            <div
              class="col border border-primary text-center fw-bold bg-white"
              role="button"
            >
              4
            </div>
            <div
              class="col border border-primary text-center fw-bold bg-white"
              role="button"
            >
              5
            </div>
            <div
              class="col border border-primary text-center fw-bold bg-white"
              role="button"
            >
              6
            </div>
            <div
              class="col border border-primary text-center fw-bold bg-white"
              role="button"
            >
              7
            </div>
            <div
              class="col border border-primary text-center fw-bold bg-white"
              role="button"
            >
              8
            </div>
            <div
              class="col border border-primary text-center fw-bold bg-white"
              role="button"
            >
              9
            </div>
          </div>
          <div
            class="row"
          >
            <div
              class="col border border-primary text-center fw-bold bg-white"
              role="button"
            >
              0
            </div>
            <div
              class="col border border-primary text-center fw-bold bg-white"
              role="button"
            >
              1
            </div>
            <div
              class="col border border-primary text-center fw-bold bg-white"
              role="button"
            >
              2
            </div>
            <div
              class="col border border-primary text-center fw-bold bg-white"
              role="button"
            >
              3
            </div>
            <div
              class="col border border-primary text-center fw-bold bg-white"
              role="button"
            >
              4
            </div>
            <div
              class="col border border-primary text-center fw-bold bg-white"
              role="button"
            >
              5
            </div>
            <div
              class="col border border-primary text-center fw-bold bg-white"
              role="button"
            >
              6
            </div>
            <div
              class="col border border-primary text-center fw-bold bg-white"
              role="button"
            >
              7
            </div>
            <div
              class="col border border-primary text-center fw-bold bg-white"
              role="button"
            >
              8
            </div>
            <div
              class="col border border-primary text-center fw-bold bg-white"
              role="button"
            >
              9
            </div>
          </div>
          <div
            class="row"
          >
            <div
              class="col border border-primary text-center fw-bold bg-white"
              role="button"
            >
              0
            </div>
            <div
              class="col border border-primary text-center fw-bold bg-white"
              role="button"
            >
              1
            </div>
            <div
              class="col border border-primary text-center fw-bold bg-white"
              role="button"
            >
              2
            </div>
            <div
              class="col border border-primary text-center fw-bold bg-white"
              role="button"
            >
              3
            </div>
            <div
              class="col border border-primary text-center fw-bold bg-white"
              role="button"
            >
              4
            </div>
            <div
              class="col border border-primary text-center fw-bold bg-white"
              role="button"
            >
              5
            </div>
            <div
              class="col border border-primary text-center fw-bold bg-white"
              role="button"
            >
              6
            </div>
            <div
              class="col border border-primary text-center fw-bold bg-white"
              role="button"
            >
              7
            </div>
            <div
              class="col border border-primary text-center fw-bold bg-white"
              role="button"
            >
              8
            </div>
            <div
              class="col border border-primary text-center fw-bold bg-white"
              role="button"
            >
              9
            </div>
          </div>
          <div
            class="row"
          >
            <div
              class="col border border-primary text-center fw-bold bg-white"
              role="button"
            >
              0
            </div>
            <div
              class="col border border-primary text-center fw-bold bg-white"
              role="button"
            >
              1
            </div>
            <div
              class="col border border-primary text-center fw-bold bg-white"
              role="button"
            >
              2
            </div>
            <div
              class="col border border-primary text-center fw-bold bg-white"
              role="button"
            >
              3
            </div>
            <div
              class="col border border-primary text-center fw-bold bg-white"
              role="button"
            >
              4
            </div>
            <div
              class="col border border-primary text-center fw-bold bg-white"
              role="button"
            >
              5
            </div>
            <div
              class="col border border-primary text-center fw-bold bg-white"
              role="button"
            >
              6
            </div>
            <div
              class="col border border-primary text-center fw-bold bg-white"
              role="button"
            >
              7
            </div>
            <div
              class="col border border-primary text-center fw-bold bg-white"
              role="button"
            >
              8
            </div>
            <div
              class="col border border-primary text-center fw-bold bg-white"
              role="button"
            >
              9
            </div>
          </div>
          <div
            class="row"
          >
            <div
              class="col border border-primary text-center fw-bold bg-white"
              role="button"
            >
              0
            </div>
            <div
              class="col border border-primary text-center fw-bold bg-white"
              role="button"
            >
              1
            </div>
            <div
              class="col border border-primary text-center fw-bold bg-white"
              role="button"
            >
              2
            </div>
            <div
              class="col border border-primary text-center fw-bold bg-white"
              role="button"
            >
              3
            </div>
            <div
              class="col border border-primary text-center fw-bold bg-white"
              role="button"
            >
              4
            </div>
            <div
              class="col border border-primary text-center fw-bold bg-white"
              role="button"
            >
              5
            </div>
            <div
              class="col border border-primary text-center fw-bold bg-white"
              role="button"
            >
              6
            </div>
            <div
              class="col border border-primary text-center fw-bold bg-white"
              role="button"
            >
              7
            </div>
            <div
              class="col border border-primary text-center fw-bold bg-white"
              role="button"
            >
              8
            </div>
            <div
              class="col border border-primary text-center fw-bold bg-white"
              role="button"
            >
              9
            </div>
          </div>
          <div
            class="row"
          >
            <div
              class="col border border-primary text-center fw-bold bg-white"
              role="button"
            >
              0
            </div>
            <div
              class="col border border-primary text-center fw-bold bg-white"
              role="button"
            >
              1
            </div>
            <div
              class="col border border-primary text-center fw-bold bg-white"
              role="button"
            >
              2
            </div>
            <div
              class="col border border-primary text-center fw-bold bg-white"
              role="button"
            >
              3
            </div>
            <div
              class="col border border-primary text-center fw-bold bg-white"
              role="button"
            >
              4
            </div>
            <div
              class="col border border-primary text-center fw-bold bg-white"
              role="button"
            >
              5
            </div>
            <div
              class="col border border-primary text-center fw-bold bg-white"
              role="button"
            >
              6
            </div>
            <div
              class="col border border-primary text-center fw-bold bg-white"
              role="button"
            >
              7
            </div>
            <div
              class="col border border-primary text-center fw-bold bg-white"
              role="button"
            >
              8
            </div>
            <div
              class="col border border-primary text-center fw-bold bg-white"
              role="button"
            >
              9
            </div>
          </div>
          <div
            class="row"
          >
            <div
              class="col border border-primary text-center fw-bold bg-white"
              role="button"
            >
              0
            </div>
            <div
              class="col border border-primary text-center fw-bold bg-white"
              role="button"
            >
              1
            </div>
            <div
              class="col border border-primary text-center fw-bold bg-white"
              role="button"
            >
              2
            </div>
            <div
              class="col border border-primary text-center fw-bold bg-white"
              role="button"
            >
              3
            </div>
            <div
              class="col border border-primary text-center fw-bold bg-white"
              role="button"
            >
              4
            </div>
            <div
              class="col border border-primary text-center fw-bold bg-white"
              role="button"
            >
              5
            </div>
            <div
              class="col border border-primary text-center fw-bold bg-white"
              role="button"
            >
              6
            </div>
            <div
              class="col border border-primary text-center fw-bold bg-white"
              role="button"
            >
              7
            </div>
            <div
              class="col border border-primary text-center fw-bold bg-white"
              role="button"
            >
              8
            </div>
            <div
              class="col border border-primary text-center fw-bold bg-white"
              role="button"
            >
              9
            </div>
          </div>
          <div
            class="row"
          >
            <div
              class="col border border-primary text-center fw-bold bg-white"
              role="button"
            >
              0
            </div>
            <div
              class="col border border-primary text-center fw-bold bg-white"
              role="button"
            >
              1
            </div>
            <div
              class="col border border-primary text-center fw-bold bg-white"
              role="button"
            >
              2
            </div>
            <div
              class="col border border-primary text-center fw-bold bg-white"
              role="button"
            >
              3
            </div>
            <div
              class="col border border-primary text-center fw-bold bg-white"
              role="button"
            >
              4
            </div>
            <div
              class="col border border-primary text-center fw-bold bg-white"
              role="button"
            >
              5
            </div>
            <div
              class="col border border-primary text-center fw-bold bg-white"
              role="button"
            >
              6
            </div>
            <div
              class="col border border-primary text-center fw-bold bg-white"
              role="button"
            >
              7
            </div>
            <div
              class="col border border-primary text-center fw-bold bg-white"
              role="button"
            >
              8
            </div>
            <div
              class="col border border-primary text-center fw-bold bg-white"
              role="button"
            >
              9
            </div>
          </div>
        </div>
      </div>
    </div>
  </body>,
  "container": <div>
    <div
      class="row justify-content-center"
    >
      <div
        class="col-md-6 border border-3 border-primary rounded shadow"
      >
        <div
          class="row"
        >
          <div
            class="col border border-primary text-center fw-bold bg-white"
            role="button"
          >
            0
          </div>
          <div
            class="col border border-primary text-center fw-bold bg-white"
            role="button"
          >
            1
          </div>
          <div
            class="col border border-primary text-center fw-bold bg-white"
            role="button"
          >
            2
          </div>
          <div
            class="col border border-primary text-center fw-bold bg-white"
            role="button"
          >
            3
          </div>
          <div
            class="col border border-primary text-center fw-bold bg-white"
            role="button"
          >
            4
          </div>
          <div
            class="col border border-primary text-center fw-bold bg-white"
            role="button"
          >
            5
          </div>
          <div
            class="col border border-primary text-center fw-bold bg-white"
            role="button"
          >
            6
          </div>
          <div
            class="col border border-primary text-center fw-bold bg-white"
            role="button"
          >
            7
          </div>
          <div
            class="col border border-primary text-center fw-bold bg-white"
            role="button"
          >
            8
          </div>
          <div
            class="col border border-primary text-center fw-bold bg-white"
            role="button"
          >
            9
          </div>
        </div>
        <div
          class="row"
        >
          <div
            class="col border border-primary text-center fw-bold bg-white"
            role="button"
          >
            0
          </div>
          <div
            class="col border border-primary text-center fw-bold bg-white"
            role="button"
          >
            1
          </div>
          <div
            class="col border border-primary text-center fw-bold bg-white"
            role="button"
          >
            2
          </div>
          <div
            class="col border border-primary text-center fw-bold bg-white"
            role="button"
          >
            3
          </div>
          <div
            class="col border border-primary text-center fw-bold bg-white"
            role="button"
          >
            4
          </div>
          <div
            class="col border border-primary text-center fw-bold bg-white"
            role="button"
          >
            5
          </div>
          <div
            class="col border border-primary text-center fw-bold bg-white"
            role="button"
          >
            6
          </div>
          <div
            class="col border border-primary text-center fw-bold bg-white"
            role="button"
          >
            7
          </div>
          <div
            class="col border border-primary text-center fw-bold bg-white"
            role="button"
          >
            8
          </div>
          <div
            class="col border border-primary text-center fw-bold bg-white"
            role="button"
          >
            9
          </div>
        </div>
        <div
          class="row"
        >
          <div
            class="col border border-primary text-center fw-bold bg-white"
            role="button"
          >
            0
          </div>
          <div
            class="col border border-primary text-center fw-bold bg-white"
            role="button"
          >
            1
          </div>
          <div
            class="col border border-primary text-center fw-bold bg-white"
            role="button"
          >
            2
          </div>
          <div
            class="col border border-primary text-center fw-bold bg-white"
            role="button"
          >
            3
          </div>
          <div
            class="col border border-primary text-center fw-bold bg-white"
            role="button"
          >
            4
          </div>
          <div
            class="col border border-primary text-center fw-bold bg-white"
            role="button"
          >
            5
          </div>
          <div
            class="col border border-primary text-center fw-bold bg-white"
            role="button"
          >
            6
          </div>
          <div
            class="col border border-primary text-center fw-bold bg-white"
            role="button"
          >
            7
          </div>
          <div
            class="col border border-primary text-center fw-bold bg-white"
            role="button"
          >
            8
          </div>
          <div
            class="col border border-primary text-center fw-bold bg-white"
            role="button"
          >
            9
          </div>
        </div>
        <div
          class="row"
        >
          <div
            class="col border border-primary text-center fw-bold bg-white"
            role="button"
          >
            0
          </div>
          <div
            class="col border border-primary text-center fw-bold bg-white"
            role="button"
          >
            1
          </div>
          <div
            class="col border border-primary text-center fw-bold bg-white"
            role="button"
          >
            2
          </div>
          <div
            class="col border border-primary text-center fw-bold bg-white"
            role="button"
          >
            3
          </div>
          <div
            class="col border border-primary text-center fw-bold bg-white"
            role="button"
          >
            4
          </div>
          <div
            class="col border border-primary text-center fw-bold bg-white"
            role="button"
          >
            5
          </div>
          <div
            class="col border border-primary text-center fw-bold bg-white"
            role="button"
          >
            6
          </div>
          <div
            class="col border border-primary text-center fw-bold bg-white"
            role="button"
          >
            7
          </div>
          <div
            class="col border border-primary text-center fw-bold bg-white"
            role="button"
          >
            8
          </div>
          <div
            class="col border border-primary text-center fw-bold bg-white"
            role="button"
          >
            9
          </div>
        </div>
        <div
          class="row"
        >
          <div
            class="col border border-primary text-center fw-bold bg-white"
            role="button"
          >
            0
          </div>
          <div
            class="col border border-primary text-center fw-bold bg-white"
            role="button"
          >
            1
          </div>
          <div
            class="col border border-primary text-center fw-bold bg-white"
            role="button"
          >
            2
          </div>
          <div
            class="col border border-primary text-center fw-bold bg-white"
            role="button"
          >
            3
          </div>
          <div
            class="col border border-primary text-center fw-bold bg-white"
            role="button"
          >
            4
          </div>
          <div
            class="col border border-primary text-center fw-bold bg-white"
            role="button"
          >
            5
          </div>
          <div
            class="col border border-primary text-center fw-bold bg-white"
            role="button"
          >
            6
          </div>
          <div
            class="col border border-primary text-center fw-bold bg-white"
            role="button"
          >
            7
          </div>
          <div
            class="col border border-primary text-center fw-bold bg-white"
            role="button"
          >
            8
          </div>
          <div
            class="col border border-primary text-center fw-bold bg-white"
            role="button"
          >
            9
          </div>
        </div>
        <div
          class="row"
        >
          <div
            class="col border border-primary text-center fw-bold bg-white"
            role="button"
          >
            0
          </div>
          <div
            class="col border border-primary text-center fw-bold bg-white"
            role="button"
          >
            1
          </div>
          <div
            class="col border border-primary text-center fw-bold bg-white"
            role="button"
          >
            2
          </div>
          <div
            class="col border border-primary text-center fw-bold bg-white"
            role="button"
          >
            3
          </div>
          <div
            class="col border border-primary text-center fw-bold bg-white"
            role="button"
          >
            4
          </div>
          <div
            class="col border border-primary text-center fw-bold bg-white"
            role="button"
          >
            5
          </div>
          <div
            class="col border border-primary text-center fw-bold bg-white"
            role="button"
          >
            6
          </div>
          <div
            class="col border border-primary text-center fw-bold bg-white"
            role="button"
          >
            7
          </div>
          <div
            class="col border border-primary text-center fw-bold bg-white"
            role="button"
          >
            8
          </div>
          <div
            class="col border border-primary text-center fw-bold bg-white"
            role="button"
          >
            9
          </div>
        </div>
        <div
          class="row"
        >
          <div
            class="col border border-primary text-center fw-bold bg-white"
            role="button"
          >
            0
          </div>
          <div
            class="col border border-primary text-center fw-bold bg-white"
            role="button"
          >
            1
          </div>
          <div
            class="col border border-primary text-center fw-bold bg-white"
            role="button"
          >
            2
          </div>
          <div
            class="col border border-primary text-center fw-bold bg-white"
            role="button"
          >
            3
          </div>
          <div
            class="col border border-primary text-center fw-bold bg-white"
            role="button"
          >
            4
          </div>
          <div
            class="col border border-primary text-center fw-bold bg-white"
            role="button"
          >
            5
          </div>
          <div
            class="col border border-primary text-center fw-bold bg-white"
            role="button"
          >
            6
          </div>
          <div
            class="col border border-primary text-center fw-bold bg-white"
            role="button"
          >
            7
          </div>
          <div
            class="col border border-primary text-center fw-bold bg-white"
            role="button"
          >
            8
          </div>
          <div
            class="col border border-primary text-center fw-bold bg-white"
            role="button"
          >
            9
          </div>
        </div>
        <div
          class="row"
        >
          <div
            class="col border border-primary text-center fw-bold bg-white"
            role="button"
          >
            0
          </div>
          <div
            class="col border border-primary text-center fw-bold bg-white"
            role="button"
          >
            1
          </div>
          <div
            class="col border border-primary text-center fw-bold bg-white"
            role="button"
          >
            2
          </div>
          <div
            class="col border border-primary text-center fw-bold bg-white"
            role="button"
          >
            3
          </div>
          <div
            class="col border border-primary text-center fw-bold bg-white"
            role="button"
          >
            4
          </div>
          <div
            class="col border border-primary text-center fw-bold bg-white"
            role="button"
          >
            5
          </div>
          <div
            class="col border border-primary text-center fw-bold bg-white"
            role="button"
          >
            6
          </div>
          <div
            class="col border border-primary text-center fw-bold bg-white"
            role="button"
          >
            7
          </div>
          <div
            class="col border border-primary text-center fw-bold bg-white"
            role="button"
          >
            8
          </div>
          <div
            class="col border border-primary text-center fw-bold bg-white"
            role="button"
          >
            9
          </div>
        </div>
        <div
          class="row"
        >
          <div
            class="col border border-primary text-center fw-bold bg-white"
            role="button"
          >
            0
          </div>
          <div
            class="col border border-primary text-center fw-bold bg-white"
            role="button"
          >
            1
          </div>
          <div
            class="col border border-primary text-center fw-bold bg-white"
            role="button"
          >
            2
          </div>
          <div
            class="col border border-primary text-center fw-bold bg-white"
            role="button"
          >
            3
          </div>
          <div
            class="col border border-primary text-center fw-bold bg-white"
            role="button"
          >
            4
          </div>
          <div
            class="col border border-primary text-center fw-bold bg-white"
            role="button"
          >
            5
          </div>
          <div
            class="col border border-primary text-center fw-bold bg-white"
            role="button"
          >
            6
          </div>
          <div
            class="col border border-primary text-center fw-bold bg-white"
            role="button"
          >
            7
          </div>
          <div
            class="col border border-primary text-center fw-bold bg-white"
            role="button"
          >
            8
          </div>
          <div
            class="col border border-primary text-center fw-bold bg-white"
            role="button"
          >
            9
          </div>
        </div>
        <div
          class="row"
        >
          <div
            class="col border border-primary text-center fw-bold bg-white"
            role="button"
          >
            0
          </div>
          <div
            class="col border border-primary text-center fw-bold bg-white"
            role="button"
          >
            1
          </div>
          <div
            class="col border border-primary text-center fw-bold bg-white"
            role="button"
          >
            2
          </div>
          <div
            class="col border border-primary text-center fw-bold bg-white"
            role="button"
          >
            3
          </div>
          <div
            class="col border border-primary text-center fw-bold bg-white"
            role="button"
          >
            4
          </div>
          <div
            class="col border border-primary text-center fw-bold bg-white"
            role="button"
          >
            5
          </div>
          <div
            class="col border border-primary text-center fw-bold bg-white"
            role="button"
          >
            6
          </div>
          <div
            class="col border border-primary text-center fw-bold bg-white"
            role="button"
          >
            7
          </div>
          <div
            class="col border border-primary text-center fw-bold bg-white"
            role="button"
          >
            8
          </div>
          <div
            class="col border border-primary text-center fw-bold bg-white"
            role="button"
          >
            9
          </div>
        </div>
      </div>
    </div>
  </div>,
  "debug": [Function],
  "findAllByAltText": [Function],
  "findAllByDisplayValue": [Function],
  "findAllByLabelText": [Function],
  "findAllByPlaceholderText": [Function],
  "findAllByRole": [Function],
  "findAllByTestId": [Function],
  "findAllByText": [Function],
  "findAllByTitle": [Function],
  "findByAltText": [Function],
  "findByDisplayValue": [Function],
  "findByLabelText": [Function],
  "findByPlaceholderText": [Function],
  "findByRole": [Function],
  "findByTestId": [Function],
  "findByText": [Function],
  "findByTitle": [Function],
  "getAllByAltText": [Function],
  "getAllByDisplayValue": [Function],
  "getAllByLabelText": [Function],
  "getAllByPlaceholderText": [Function],
  "getAllByRole": [Function],
  "getAllByTestId": [Function],
  "getAllByText": [Function],
  "getAllByTitle": [Function],
  "getByAltText": [Function],
  "getByDisplayValue": [Function],
  "getByLabelText": [Function],
  "getByPlaceholderText": [Function],
  "getByRole": [Function],
  "getByTestId": [Function],
  "getByText": [Function],
  "getByTitle": [Function],
  "queryAllByAltText": [Function],
  "queryAllByDisplayValue": [Function],
  "queryAllByLabelText": [Function],
  "queryAllByPlaceholderText": [Function],
  "queryAllByRole": [Function],
  "queryAllByTestId": [Function],
  "queryAllByText": [Function],
  "queryAllByTitle": [Function],
  "queryByAltText": [Function],
  "queryByDisplayValue": [Function],
  "queryByLabelText": [Function],
  "queryByPlaceholderText": [Function],
  "queryByRole": [Function],
  "queryByTestId": [Function],
  "queryByText": [Function],
  "queryByTitle": [Function],
  "rerender": [Function],
  "unmount": [Function],
}
`;
